// Jest Snapshot v1, https://goo.gl/fbAQLP

exports[`NewsCard Renders NewsCard Component 1`] = `
<v-card-stub loaderheight="4" tag="div" maxwidth="350" minwidth="350" class="ma-2">
  <v-img-stub height="250" options="[object Object]" position="center center" src="__URL__" transition="src" class="white--text align-end"></v-img-stub>
  <v-card-actions-stub tag="div" class="d-flex justify-end">
    <news-detail-stub newsarticle="[object Object]"></news-detail-stub>
  </v-card-actions-stub>
  <v-card-title-stub tag="div">__TITLE__</v-card-title-stub>
  <v-card-subtitle-stub tag="div">
    <v-chip-stub activeclass="" tag="span" active="true" closeicon="$delete" closelabel="$vuetify.close" filtericon="$complete" class="mt-2">__SOURCE_NAME__</v-chip-stub>
  </v-card-subtitle-stub>
  <v-card-text-stub tag="div">
    <p>__AUTHOR__</p>
    <v-divider-stub></v-divider-stub>
    <div>
      __DESCRIPTION__
    </div>
  </v-card-text-stub>
</v-card-stub>
`;
